exports[`Container renders correctly 1`] = `
<div
  class="sc-bdVaJa dRsjcb">
  Text
</div>
`;
